Archive member included to satisfy reference by file (symbol)

c:/st/stm32cubeide_1.4.0/stm32cubeide/plugins/com.st.stm32cube.ide.mcu.externaltools.gnu-tools-for-stm32.9-2020-q2-update.win32_2.0.0.202105311346/tools/bin/../lib/gcc/arm-none-eabi/9.3.1/../../../../arm-none-eabi/lib/thumb/v7e-m+fp/hard\libc_nano.a(lib_a-errno.o)
                              ./Core/Src/syscalls.o (__errno)
c:/st/stm32cubeide_1.4.0/stm32cubeide/plugins/com.st.stm32cube.ide.mcu.externaltools.gnu-tools-for-stm32.9-2020-q2-update.win32_2.0.0.202105311346/tools/bin/../lib/gcc/arm-none-eabi/9.3.1/../../../../arm-none-eabi/lib/thumb/v7e-m+fp/hard\libc_nano.a(lib_a-exit.o)
                              c:/st/stm32cubeide_1.4.0/stm32cubeide/plugins/com.st.stm32cube.ide.mcu.externaltools.gnu-tools-for-stm32.9-2020-q2-update.win32_2.0.0.202105311346/tools/bin/../lib/gcc/arm-none-eabi/9.3.1/../../../../arm-none-eabi/lib/thumb/v7e-m+fp/hard/crt0.o (exit)
c:/st/stm32cubeide_1.4.0/stm32cubeide/plugins/com.st.stm32cube.ide.mcu.externaltools.gnu-tools-for-stm32.9-2020-q2-update.win32_2.0.0.202105311346/tools/bin/../lib/gcc/arm-none-eabi/9.3.1/../../../../arm-none-eabi/lib/thumb/v7e-m+fp/hard\libc_nano.a(lib_a-impure.o)
                              c:/st/stm32cubeide_1.4.0/stm32cubeide/plugins/com.st.stm32cube.ide.mcu.externaltools.gnu-tools-for-stm32.9-2020-q2-update.win32_2.0.0.202105311346/tools/bin/../lib/gcc/arm-none-eabi/9.3.1/../../../../arm-none-eabi/lib/thumb/v7e-m+fp/hard\libc_nano.a(lib_a-exit.o) (_global_impure_ptr)
c:/st/stm32cubeide_1.4.0/stm32cubeide/plugins/com.st.stm32cube.ide.mcu.externaltools.gnu-tools-for-stm32.9-2020-q2-update.win32_2.0.0.202105311346/tools/bin/../lib/gcc/arm-none-eabi/9.3.1/../../../../arm-none-eabi/lib/thumb/v7e-m+fp/hard\libc_nano.a(lib_a-init.o)
                              c:/st/stm32cubeide_1.4.0/stm32cubeide/plugins/com.st.stm32cube.ide.mcu.externaltools.gnu-tools-for-stm32.9-2020-q2-update.win32_2.0.0.202105311346/tools/bin/../lib/gcc/arm-none-eabi/9.3.1/../../../../arm-none-eabi/lib/thumb/v7e-m+fp/hard/crt0.o (__libc_init_array)
c:/st/stm32cubeide_1.4.0/stm32cubeide/plugins/com.st.stm32cube.ide.mcu.externaltools.gnu-tools-for-stm32.9-2020-q2-update.win32_2.0.0.202105311346/tools/bin/../lib/gcc/arm-none-eabi/9.3.1/../../../../arm-none-eabi/lib/thumb/v7e-m+fp/hard\libc_nano.a(lib_a-memset.o)
                              c:/st/stm32cubeide_1.4.0/stm32cubeide/plugins/com.st.stm32cube.ide.mcu.externaltools.gnu-tools-for-stm32.9-2020-q2-update.win32_2.0.0.202105311346/tools/bin/../lib/gcc/arm-none-eabi/9.3.1/../../../../arm-none-eabi/lib/thumb/v7e-m+fp/hard/crt0.o (memset)
c:/st/stm32cubeide_1.4.0/stm32cubeide/plugins/com.st.stm32cube.ide.mcu.externaltools.gnu-tools-for-stm32.9-2020-q2-update.win32_2.0.0.202105311346/tools/bin/../lib/gcc/arm-none-eabi/9.3.1/thumb/v7e-m+fp/hard\libgcc.a(_aeabi_uldivmod.o)
                              ./Drivers/STM32F4xx_HAL_Driver/Src/stm32f4xx_hal_rcc.o (__aeabi_uldivmod)
c:/st/stm32cubeide_1.4.0/stm32cubeide/plugins/com.st.stm32cube.ide.mcu.externaltools.gnu-tools-for-stm32.9-2020-q2-update.win32_2.0.0.202105311346/tools/bin/../lib/gcc/arm-none-eabi/9.3.1/thumb/v7e-m+fp/hard\libgcc.a(_udivmoddi4.o)
                              c:/st/stm32cubeide_1.4.0/stm32cubeide/plugins/com.st.stm32cube.ide.mcu.externaltools.gnu-tools-for-stm32.9-2020-q2-update.win32_2.0.0.202105311346/tools/bin/../lib/gcc/arm-none-eabi/9.3.1/thumb/v7e-m+fp/hard\libgcc.a(_aeabi_uldivmod.o) (__udivmoddi4)
c:/st/stm32cubeide_1.4.0/stm32cubeide/plugins/com.st.stm32cube.ide.mcu.externaltools.gnu-tools-for-stm32.9-2020-q2-update.win32_2.0.0.202105311346/tools/bin/../lib/gcc/arm-none-eabi/9.3.1/thumb/v7e-m+fp/hard\libgcc.a(_dvmd_tls.o)
                              c:/st/stm32cubeide_1.4.0/stm32cubeide/plugins/com.st.stm32cube.ide.mcu.externaltools.gnu-tools-for-stm32.9-2020-q2-update.win32_2.0.0.202105311346/tools/bin/../lib/gcc/arm-none-eabi/9.3.1/thumb/v7e-m+fp/hard\libgcc.a(_aeabi_uldivmod.o) (__aeabi_ldiv0)

Allocating common symbols
Common symbol       size              file

hi2c1               0x54              ./Core/Src/main.o
flag                0x6               ./Core/Src/main.o
uwTick              0x4               ./Drivers/STM32F4xx_HAL_Driver/Src/stm32f4xx_hal.o
pFlash              0x20              ./Drivers/STM32F4xx_HAL_Driver/Src/stm32f4xx_hal_flash.o
aux                 0x4               ./Core/Src/main.o
hadc1               0x48              ./Core/Src/main.o
hdma_adc1           0x60              ./Core/Src/main.o
pote                0x6               ./Core/Src/main.o
stat                0x1               ./Core/Src/main.o
value               0xc               ./Core/Src/main.o

Discarded input sections

 .text          0x0000000000000000        0x0 c:/st/stm32cubeide_1.4.0/stm32cubeide/plugins/com.st.stm32cube.ide.mcu.externaltools.gnu-tools-for-stm32.9-2020-q2-update.win32_2.0.0.202105311346/tools/bin/../lib/gcc/arm-none-eabi/9.3.1/thumb/v7e-m+fp/hard/crti.o
[...]
Memory Configuration

Name             Origin             Length             Attributes
RAM              0x0000000020000000 0x0000000000010000 xrw
FLASH            0x0000000008000000 0x0000000000040000 xr
*default*        0x0000000000000000 0xffffffffffffffff

Linker script and memory map

LOAD c:/st/stm32cubeide_1.4.0/stm32cubeide/plugins/com.st.stm32cube.ide.mcu.externaltools.gnu-tools-for-stm32.9-2020-q2-update.win32_2.0.0.202105311346/tools/bin/../lib/gcc/arm-none-eabi/9.3.1/thumb/v7e-m+fp/hard/crti.o
LOAD c:/st/stm32cubeide_1.4.0/stm32cubeide/plugins/com.st.stm32cube.ide.mcu.externaltools.gnu-tools-for-stm32.9-2020-q2-update.win32_2.0.0.202105311346/tools/bin/../lib/gcc/arm-none-eabi/9.3.1/thumb/v7e-m+fp/hard/crtbegin.o
LOAD c:/st/stm32cubeide_1.4.0/stm32cubeide/plugins/com.st.stm32cube.ide.mcu.externaltools.gnu-tools-for-stm32.9-2020-q2-update.win32_2.0.0.202105311346/tools/bin/../lib/gcc/arm-none-eabi/9.3.1/../../../../arm-none-eabi/lib/thumb/v7e-m+fp/hard/crt0.o
LOAD ./Core/Src/main.o
LOAD ./Core/Src/stm32f4xx_hal_msp.o
LOAD ./Core/Src/stm32f4xx_it.o
LOAD ./Core/Src/syscalls.o
LOAD ./Core/Src/sysmem.o
LOAD ./Core/Src/system_stm32f4xx.o
LOAD ./Core/Startup/startup_stm32f401rctx.o
LOAD ./Drivers/STM32F4xx_HAL_Driver/Src/stm32f4xx_hal.o
LOAD ./Drivers/STM32F4xx_HAL_Driver/Src/stm32f4xx_hal_adc.o
LOAD ./Drivers/STM32F4xx_HAL_Driver/Src/stm32f4xx_hal_adc_ex.o
LOAD ./Drivers/STM32F4xx_HAL_Driver/Src/stm32f4xx_hal_cortex.o
LOAD ./Drivers/STM32F4xx_HAL_Driver/Src/stm32f4xx_hal_dma.o
LOAD ./Drivers/STM32F4xx_HAL_Driver/Src/stm32f4xx_hal_dma_ex.o
LOAD ./Drivers/STM32F4xx_HAL_Driver/Src/stm32f4xx_hal_exti.o
LOAD ./Drivers/STM32F4xx_HAL_Driver/Src/stm32f4xx_hal_flash.o
LOAD ./Drivers/STM32F4xx_HAL_Driver/Src/stm32f4xx_hal_flash_ex.o
LOAD ./Drivers/STM32F4xx_HAL_Driver/Src/stm32f4xx_hal_flash_ramfunc.o
LOAD ./Drivers/STM32F4xx_HAL_Driver/Src/stm32f4xx_hal_gpio.o
LOAD ./Drivers/STM32F4xx_HAL_Driver/Src/stm32f4xx_hal_i2c.o
LOAD ./Drivers/STM32F4xx_HAL_Driver/Src/stm32f4xx_hal_i2c_ex.o
LOAD ./Drivers/STM32F4xx_HAL_Driver/Src/stm32f4xx_hal_pwr.o
LOAD ./Drivers/STM32F4xx_HAL_Driver/Src/stm32f4xx_hal_pwr_ex.o
LOAD ./Drivers/STM32F4xx_HAL_Driver/Src/stm32f4xx_hal_rcc.o
LOAD ./Drivers/STM32F4xx_HAL_Driver/Src/stm32f4xx_hal_rcc_ex.o
LOAD ./Drivers/STM32F4xx_HAL_Driver/Src/stm32f4xx_hal_tim.o
LOAD ./Drivers/STM32F4xx_HAL_Driver/Src/stm32f4xx_hal_tim_ex.o
LOAD ./Drivers/STM32F4xx_HAL_Driver/Src/stm32f4xx_ll_adc.o
START GROUP
LOAD c:/st/stm32cubeide_1.4.0/stm32cubeide/plugins/com.st.stm32cube.ide.mcu.externaltools.gnu-tools-for-stm32.9-2020-q2-update.win32_2.0.0.202105311346/tools/bin/../lib/gcc/arm-none-eabi/9.3.1/../../../../arm-none-eabi/lib/thumb/v7e-m+fp/hard\libc_nano.a
LOAD c:/st/stm32cubeide_1.4.0/stm32cubeide/plugins/com.st.stm32cube.ide.mcu.externaltools.gnu-tools-for-stm32.9-2020-q2-update.win32_2.0.0.202105311346/tools/bin/../lib/gcc/arm-none-eabi/9.3.1/../../../../arm-none-eabi/lib/thumb/v7e-m+fp/hard\libm.a
END GROUP
START GROUP
LOAD c:/st/stm32cubeide_1.4.0/stm32cubeide/plugins/com.st.stm32cube.ide.mcu.externaltools.gnu-tools-for-stm32.9-2020-q2-update.win32_2.0.0.202105311346/tools/bin/../lib/gcc/arm-none-eabi/9.3.1/thumb/v7e-m+fp/hard\libgcc.a
LOAD c:/st/stm32cubeide_1.4.0/stm32cubeide/plugins/com.st.stm32cube.ide.mcu.externaltools.gnu-tools-for-stm32.9-2020-q2-update.win32_2.0.0.202105311346/tools/bin/../lib/gcc/arm-none-eabi/9.3.1/../../../../arm-none-eabi/lib/thumb/v7e-m+fp/hard\libc_nano.a
END GROUP
START GROUP
LOAD c:/st/stm32cubeide_1.4.0/stm32cubeide/plugins/com.st.stm32cube.ide.mcu.externaltools.gnu-tools-for-stm32.9-2020-q2-update.win32_2.0.0.202105311346/tools/bin/../lib/gcc/arm-none-eabi/9.3.1/thumb/v7e-m+fp/hard\libgcc.a
LOAD c:/st/stm32cubeide_1.4.0/stm32cubeide/plugins/com.st.stm32cube.ide.mcu.externaltools.gnu-tools-for-stm32.9-2020-q2-update.win32_2.0.0.202105311346/tools/bin/../lib/gcc/arm-none-eabi/9.3.1/../../../../arm-none-eabi/lib/thumb/v7e-m+fp/hard\libc_nano.a
LOAD c:/st/stm32cubeide_1.4.0/stm32cubeide/plugins/com.st.stm32cube.ide.mcu.externaltools.gnu-tools-for-stm32.9-2020-q2-update.win32_2.0.0.202105311346/tools/bin/../lib/gcc/arm-none-eabi/9.3.1/../../../../arm-none-eabi/lib/thumb/v7e-m+fp/hard\libnosys.a
END GROUP
START GROUP
LOAD c:/st/stm32cubeide_1.4.0/stm32cubeide/plugins/com.st.stm32cube.ide.mcu.externaltools.gnu-tools-for-stm32.9-2020-q2-update.win32_2.0.0.202105311346/tools/bin/../lib/gcc/arm-none-eabi/9.3.1/thumb/v7e-m+fp/hard\libgcc.a
LOAD c:/st/stm32cubeide_1.4.0/stm32cubeide/plugins/com.st.stm32cube.ide.mcu.externaltools.gnu-tools-for-stm32.9-2020-q2-update.win32_2.0.0.202105311346/tools/bin/../lib/gcc/arm-none-eabi/9.3.1/../../../../arm-none-eabi/lib/thumb/v7e-m+fp/hard\libc_nano.a
LOAD c:/st/stm32cubeide_1.4.0/stm32cubeide/plugins/com.st.stm32cube.ide.mcu.externaltools.gnu-tools-for-stm32.9-2020-q2-update.win32_2.0.0.202105311346/tools/bin/../lib/gcc/arm-none-eabi/9.3.1/../../../../arm-none-eabi/lib/thumb/v7e-m+fp/hard\libnosys.a
END GROUP
LOAD c:/st/stm32cubeide_1.4.0/stm32cubeide/plugins/com.st.stm32cube.ide.mcu.externaltools.gnu-tools-for-stm32.9-2020-q2-update.win32_2.0.0.202105311346/tools/bin/../lib/gcc/arm-none-eabi/9.3.1/thumb/v7e-m+fp/hard/crtend.o
LOAD c:/st/stm32cubeide_1.4.0/stm32cubeide/plugins/com.st.stm32cube.ide.mcu.externaltools.gnu-tools-for-stm32.9-2020-q2-update.win32_2.0.0.202105311346/tools/bin/../lib/gcc/arm-none-eabi/9.3.1/thumb/v7e-m+fp/hard/crtn.o
                0x0000000020010000                _estack = (ORIGIN (RAM) + LENGTH (RAM))
                0x0000000000000200                _Min_Heap_Size = 0x200
                0x0000000000000400                _Min_Stack_Size = 0x400

.isr_vector     0x0000000008000000      0x194
                0x0000000008000000                . = ALIGN (0x4)
 *(.isr_vector)
 .isr_vector    0x0000000008000000      0x194 ./Core/Startup/startup_stm32f401rctx.o
                0x0000000008000000                g_pfnVectors
                0x0000000008000194                . = ALIGN (0x4)

.text           0x0000000008000194     0x3224
                0x0000000008000194                . = ALIGN (0x4)
 *(.text)
 .text          0x0000000008000194       0x40 c:/st/stm32cubeide_1.4.0/stm32cubeide/plugins/com.st.stm32cube.ide.mcu.externaltools.gnu-tools-for-stm32.9-2020-q2-update.win32_2.0.0.202105311346/tools/bin/../lib/gcc/arm-none-eabi/9.3.1/thumb/v7e-m+fp/hard/crtbegin.o
 .text          0x00000000080001d4       0x30 c:/st/stm32cubeide_1.4.0/stm32cubeide/plugins/com.st.stm32cube.ide.mcu.externaltools.gnu-tools-for-stm32.9-2020-q2-update.win32_2.0.0.202105311346/tools/bin/../lib/gcc/arm-none-eabi/9.3.1/thumb/v7e-m+fp/hard\libgcc.a(_aeabi_uldivmod.o)
                0x00000000080001d4                __aeabi_uldivmod
 .text          0x0000000008000204      0x2c4 c:/st/stm32cubeide_1.4.0/stm32cubeide/plugins/com.st.stm32cube.ide.mcu.externaltools.gnu-tools-for-stm32.9-2020-q2-update.win32_2.0.0.202105311346/tools/bin/../lib/gcc/arm-none-eabi/9.3.1/thumb/v7e-m+fp/hard\libgcc.a(_udivmoddi4.o)
                0x0000000008000204                __udivmoddi4
 .text          0x00000000080004c8        0x4 c:/st/stm32cubeide_1.4.0/stm32cubeide/plugins/com.st.stm32cube.ide.mcu.externaltools.gnu-tools-for-stm32.9-2020-q2-update.win32_2.0.0.202105311346/tools/bin/../lib/gcc/arm-none-eabi/9.3.1/thumb/v7e-m+fp/hard\libgcc.a(_dvmd_tls.o)
                0x00000000080004c8                __aeabi_idiv0
                0x00000000080004c8                __aeabi_ldiv0
 *(.text*)
 .text.default_download_IC_1
                0x00000000080004cc       0x64 ./Core/Src/main.o
                0x00000000080004cc                default_download_IC_1
 .text.main     0x0000000008000530      0x10c ./Core/Src/main.o
                0x0000000008000530                main
 .text.SystemClock_Config
                0x000000000800063c       0xc0 ./Core/Src/main.o
                0x000000000800063c                SystemClock_Config
 .text.MX_ADC1_Init
                0x00000000080006fc       0xdc ./Core/Src/main.o
 .text.MX_I2C1_Init
                0x00000000080007d8       0x5c ./Core/Src/main.o
 .text.MX_DMA_Init
                0x0000000008000834       0x40 ./Core/Src/main.o
 .text.MX_GPIO_Init
                0x0000000008000874       0x88 ./Core/Src/main.o
 .text.SIGMA_WRITE_REGISTER_BLOCK
                0x00000000080008fc       0x48 ./Core/Src/main.o
                0x00000000080008fc                SIGMA_WRITE_REGISTER_BLOCK
 .text.HAL_ADC_ConvCpltCallback
                0x0000000008000944       0xec ./Core/Src/main.o
                0x0000000008000944                HAL_ADC_ConvCpltCallback
 .text.Error_Handler
                0x0000000008000a30        0xa ./Core/Src/main.o
                0x0000000008000a30                Error_Handler
 *fill*         0x0000000008000a3a        0x2 
 .text.HAL_MspInit
                0x0000000008000a3c       0x50 ./Core/Src/stm32f4xx_hal_msp.o
                0x0000000008000a3c                HAL_MspInit
 .text.HAL_ADC_MspInit
                0x0000000008000a8c       0xf0 ./Core/Src/stm32f4xx_hal_msp.o
                0x0000000008000a8c                HAL_ADC_MspInit
 .text.HAL_I2C_MspInit
                0x0000000008000b7c       0x90 ./Core/Src/stm32f4xx_hal_msp.o
                0x0000000008000b7c                HAL_I2C_MspInit
 .text.NMI_Handler
                0x0000000008000c0c        0x6 ./Core/Src/stm32f4xx_it.o
                0x0000000008000c0c                NMI_Handler
 .text.HardFault_Handler
                0x0000000008000c12        0x6 ./Core/Src/stm32f4xx_it.o
                0x0000000008000c12                HardFault_Handler
 .text.MemManage_Handler
                0x0000000008000c18        0x6 ./Core/Src/stm32f4xx_it.o
                0x0000000008000c18                MemManage_Handler
 .text.BusFault_Handler
                0x0000000008000c1e        0x6 ./Core/Src/stm32f4xx_it.o
                0x0000000008000c1e                BusFault_Handler
 .text.UsageFault_Handler
                0x0000000008000c24        0x6 ./Core/Src/stm32f4xx_it.o
                0x0000000008000c24                UsageFault_Handler
 .text.SVC_Handler
                0x0000000008000c2a        0xe ./Core/Src/stm32f4xx_it.o
                0x0000000008000c2a                SVC_Handler
 .text.DebugMon_Handler
                0x0000000008000c38        0xe ./Core/Src/stm32f4xx_it.o
                0x0000000008000c38                DebugMon_Handler
 .text.PendSV_Handler
                0x0000000008000c46        0xe ./Core/Src/stm32f4xx_it.o
                0x0000000008000c46                PendSV_Handler
 .text.SysTick_Handler
                0x0000000008000c54        0xc ./Core/Src/stm32f4xx_it.o
                0x0000000008000c54                SysTick_Handler
 .text.DMA2_Stream0_IRQHandler
                0x0000000008000c60       0x14 ./Core/Src/stm32f4xx_it.o
                0x0000000008000c60                DMA2_Stream0_IRQHandler
 .text.SystemInit
                0x0000000008000c74       0x24 ./Core/Src/system_stm32f4xx.o
                0x0000000008000c74                SystemInit
 .text.Reset_Handler
                0x0000000008000c98       0x50 ./Core/Startup/startup_stm32f401rctx.o
                0x0000000008000c98                Reset_Handler
 .text.Default_Handler
                0x0000000008000ce8        0x2 ./Core/Startup/startup_stm32f401rctx.o
                0x0000000008000ce8                RTC_Alarm_IRQHandler
                0x0000000008000ce8                EXTI2_IRQHandler
                0x0000000008000ce8                SPI4_IRQHandler
                0x0000000008000ce8                TIM1_CC_IRQHandler
                0x0000000008000ce8                DMA2_Stream5_IRQHandler
                0x0000000008000ce8                DMA1_Stream5_IRQHandler
                0x0000000008000ce8                PVD_IRQHandler
                0x0000000008000ce8                SDIO_IRQHandler
                0x0000000008000ce8                TAMP_STAMP_IRQHandler
                0x0000000008000ce8                EXTI3_IRQHandler
                0x0000000008000ce8                TIM1_UP_TIM10_IRQHandler
                0x0000000008000ce8                I2C3_ER_IRQHandler
                0x0000000008000ce8                EXTI0_IRQHandler
                0x0000000008000ce8                I2C2_EV_IRQHandler
                0x0000000008000ce8                DMA1_Stream2_IRQHandler
                0x0000000008000ce8                FPU_IRQHandler
                0x0000000008000ce8                DMA2_Stream2_IRQHandler
                0x0000000008000ce8                SPI1_IRQHandler
                0x0000000008000ce8                TIM1_BRK_TIM9_IRQHandler
                0x0000000008000ce8                DMA2_Stream3_IRQHandler
                0x0000000008000ce8                USART6_IRQHandler
                0x0000000008000ce8                TIM4_IRQHandler
                0x0000000008000ce8                I2C1_EV_IRQHandler
                0x0000000008000ce8                DMA1_Stream6_IRQHandler
                0x0000000008000ce8                DMA1_Stream1_IRQHandler
                0x0000000008000ce8                TIM3_IRQHandler
                0x0000000008000ce8                RCC_IRQHandler
                0x0000000008000ce8                Default_Handler
                0x0000000008000ce8                EXTI15_10_IRQHandler
                0x0000000008000ce8                ADC_IRQHandler
                0x0000000008000ce8                DMA1_Stream7_IRQHandler
                0x0000000008000ce8                TIM5_IRQHandler
                0x0000000008000ce8                DMA2_Stream7_IRQHandler
                0x0000000008000ce8                I2C3_EV_IRQHandler
                0x0000000008000ce8                EXTI9_5_IRQHandler
                0x0000000008000ce8                RTC_WKUP_IRQHandler
                0x0000000008000ce8                SPI2_IRQHandler
                0x0000000008000ce8                DMA1_Stream0_IRQHandler
                0x0000000008000ce8                EXTI4_IRQHandler
                0x0000000008000ce8                WWDG_IRQHandler
                0x0000000008000ce8                TIM2_IRQHandler
                0x0000000008000ce8                OTG_FS_WKUP_IRQHandler
                0x0000000008000ce8                TIM1_TRG_COM_TIM11_IRQHandler
                0x0000000008000ce8                EXTI1_IRQHandler
                0x0000000008000ce8                USART2_IRQHandler
                0x0000000008000ce8                I2C2_ER_IRQHandler
                0x0000000008000ce8                DMA2_Stream1_IRQHandler
                0x0000000008000ce8                FLASH_IRQHandler
                0x0000000008000ce8                DMA2_Stream4_IRQHandler
                0x0000000008000ce8                USART1_IRQHandler
                0x0000000008000ce8                OTG_FS_IRQHandler
                0x0000000008000ce8                SPI3_IRQHandler
                0x0000000008000ce8                DMA1_Stream4_IRQHandler
                0x0000000008000ce8                I2C1_ER_IRQHandler
                0x0000000008000ce8                DMA2_Stream6_IRQHandler
                0x0000000008000ce8                DMA1_Stream3_IRQHandler
 *fill*         0x0000000008000cea        0x2 
 .text.HAL_Init
                0x0000000008000cec       0x44 ./Drivers/STM32F4xx_HAL_Driver/Src/stm32f4xx_hal.o
                0x0000000008000cec                HAL_Init
 .text.HAL_InitTick
                0x0000000008000d30       0x60 ./Drivers/STM32F4xx_HAL_Driver/Src/stm32f4xx_hal.o
                0x0000000008000d30                HAL_InitTick
 .text.HAL_IncTick
                0x0000000008000d90       0x28 ./Drivers/STM32F4xx_HAL_Driver/Src/stm32f4xx_hal.o
                0x0000000008000d90                HAL_IncTick
 .text.HAL_GetTick
                0x0000000008000db8       0x18 ./Drivers/STM32F4xx_HAL_Driver/Src/stm32f4xx_hal.o
                0x0000000008000db8                HAL_GetTick
 .text.HAL_Delay
                0x0000000008000dd0       0x48 ./Drivers/STM32F4xx_HAL_Driver/Src/stm32f4xx_hal.o
                0x0000000008000dd0                HAL_Delay
 .text.HAL_ADC_Init
                0x0000000008000e18       0x86 ./Drivers/STM32F4xx_HAL_Driver/Src/stm32f4xx_hal_adc.o
                0x0000000008000e18                HAL_ADC_Init
 *fill*         0x0000000008000e9e        0x2 
 .text.HAL_ADC_Start_DMA
                0x0000000008000ea0      0x1e0 ./Drivers/STM32F4xx_HAL_Driver/Src/stm32f4xx_hal_adc.o
                0x0000000008000ea0                HAL_ADC_Start_DMA
 .text.HAL_ADC_ConvHalfCpltCallback
                0x0000000008001080       0x14 ./Drivers/STM32F4xx_HAL_Driver/Src/stm32f4xx_hal_adc.o
                0x0000000008001080                HAL_ADC_ConvHalfCpltCallback
 .text.HAL_ADC_ErrorCallback
                0x0000000008001094       0x14 ./Drivers/STM32F4xx_HAL_Driver/Src/stm32f4xx_hal_adc.o
                0x0000000008001094                HAL_ADC_ErrorCallback
 .text.HAL_ADC_ConfigChannel
                0x00000000080010a8      0x244 ./Drivers/STM32F4xx_HAL_Driver/Src/stm32f4xx_hal_adc.o
                0x00000000080010a8                HAL_ADC_ConfigChannel
 .text.ADC_Init
                0x00000000080012ec      0x1f8 ./Drivers/STM32F4xx_HAL_Driver/Src/stm32f4xx_hal_adc.o
 .text.ADC_DMAConvCplt
                0x00000000080014e4       0xba ./Drivers/STM32F4xx_HAL_Driver/Src/stm32f4xx_hal_adc.o
 .text.ADC_DMAHalfConvCplt
                0x000000000800159e       0x1c ./Drivers/STM32F4xx_HAL_Driver/Src/stm32f4xx_hal_adc.o
 .text.ADC_DMAError
                0x00000000080015ba       0x2e ./Drivers/STM32F4xx_HAL_Driver/Src/stm32f4xx_hal_adc.o
 .text.__NVIC_SetPriorityGrouping
                0x00000000080015e8       0x48 ./Drivers/STM32F4xx_HAL_Driver/Src/stm32f4xx_hal_cortex.o
 .text.__NVIC_GetPriorityGrouping
                0x0000000008001630       0x1c ./Drivers/STM32F4xx_HAL_Driver/Src/stm32f4xx_hal_cortex.o
 .text.__NVIC_EnableIRQ
                0x000000000800164c       0x3c ./Drivers/STM32F4xx_HAL_Driver/Src/stm32f4xx_hal_cortex.o
 .text.__NVIC_SetPriority
                0x0000000008001688       0x54 ./Drivers/STM32F4xx_HAL_Driver/Src/stm32f4xx_hal_cortex.o
 .text.NVIC_EncodePriority
                0x00000000080016dc       0x66 ./Drivers/STM32F4xx_HAL_Driver/Src/stm32f4xx_hal_cortex.o
 *fill*         0x0000000008001742        0x2 
 .text.SysTick_Config
                0x0000000008001744       0x44 ./Drivers/STM32F4xx_HAL_Driver/Src/stm32f4xx_hal_cortex.o
 .text.HAL_NVIC_SetPriorityGrouping
                0x0000000008001788       0x16 ./Drivers/STM32F4xx_HAL_Driver/Src/stm32f4xx_hal_cortex.o
                0x0000000008001788                HAL_NVIC_SetPriorityGrouping
 .text.HAL_NVIC_SetPriority
                0x000000000800179e       0x38 ./Drivers/STM32F4xx_HAL_Driver/Src/stm32f4xx_hal_cortex.o
                0x000000000800179e                HAL_NVIC_SetPriority
 .text.HAL_NVIC_EnableIRQ
                0x00000000080017d6       0x1c ./Drivers/STM32F4xx_HAL_Driver/Src/stm32f4xx_hal_cortex.o
                0x00000000080017d6                HAL_NVIC_EnableIRQ
 .text.HAL_SYSTICK_Config
                0x00000000080017f2       0x18 ./Drivers/STM32F4xx_HAL_Driver/Src/stm32f4xx_hal_cortex.o
                0x00000000080017f2                HAL_SYSTICK_Config
 *fill*         0x000000000800180a        0x2 
 .text.HAL_DMA_Init
                0x000000000800180c      0x15c ./Drivers/STM32F4xx_HAL_Driver/Src/stm32f4xx_hal_dma.o
                0x000000000800180c                HAL_DMA_Init
 .text.HAL_DMA_Start_IT
                0x0000000008001968       0xb0 ./Drivers/STM32F4xx_HAL_Driver/Src/stm32f4xx_hal_dma.o
                0x0000000008001968                HAL_DMA_Start_IT
 .text.HAL_DMA_IRQHandler
                0x0000000008001a18      0x314 ./Drivers/STM32F4xx_HAL_Driver/Src/stm32f4xx_hal_dma.o
                0x0000000008001a18                HAL_DMA_IRQHandler
 .text.DMA_SetConfig
                0x0000000008001d2c       0x5c ./Drivers/STM32F4xx_HAL_Driver/Src/stm32f4xx_hal_dma.o
 .text.DMA_CalcBaseAndBitshift
                0x0000000008001d88       0x6c ./Drivers/STM32F4xx_HAL_Driver/Src/stm32f4xx_hal_dma.o
 .text.DMA_CheckFifoParam
                0x0000000008001df4       0xf8 ./Drivers/STM32F4xx_HAL_Driver/Src/stm32f4xx_hal_dma.o
 .text.HAL_GPIO_Init
                0x0000000008001eec      0x308 ./Drivers/STM32F4xx_HAL_Driver/Src/stm32f4xx_hal_gpio.o
                0x0000000008001eec                HAL_GPIO_Init
 .text.HAL_GPIO_WritePin
                0x00000000080021f4       0x32 ./Drivers/STM32F4xx_HAL_Driver/Src/stm32f4xx_hal_gpio.o
                0x00000000080021f4                HAL_GPIO_WritePin
 *fill*         0x0000000008002226        0x2 
 .text.HAL_I2C_Init
                0x0000000008002228      0x288 ./Drivers/STM32F4xx_HAL_Driver/Src/stm32f4xx_hal_i2c.o
                0x0000000008002228                HAL_I2C_Init
 .text.HAL_I2C_Mem_Write
                0x00000000080024b0      0x1f4 ./Drivers/STM32F4xx_HAL_Driver/Src/stm32f4xx_hal_i2c.o
                0x00000000080024b0                HAL_I2C_Mem_Write
 .text.I2C_RequestMemoryWrite
                0x00000000080026a4      0x12c ./Drivers/STM32F4xx_HAL_Driver/Src/stm32f4xx_hal_i2c.o
 .text.I2C_WaitOnFlagUntilTimeout
                0x00000000080027d0       0xae ./Drivers/STM32F4xx_HAL_Driver/Src/stm32f4xx_hal_i2c.o
 .text.I2C_WaitOnMasterAddressFlagUntilTimeout
                0x000000000800287e       0xfe ./Drivers/STM32F4xx_HAL_Driver/Src/stm32f4xx_hal_i2c.o
 .text.I2C_WaitOnTXEFlagUntilTimeout
                0x000000000800297c       0x82 ./Drivers/STM32F4xx_HAL_Driver/Src/stm32f4xx_hal_i2c.o
 .text.I2C_WaitOnBTFFlagUntilTimeout
                0x00000000080029fe       0x82 ./Drivers/STM32F4xx_HAL_Driver/Src/stm32f4xx_hal_i2c.o
 .text.I2C_IsAcknowledgeFailed
                0x0000000008002a80       0x5e ./Drivers/STM32F4xx_HAL_Driver/Src/stm32f4xx_hal_i2c.o
 *fill*         0x0000000008002ade        0x2 
 .text.HAL_RCC_OscConfig
                0x0000000008002ae0      0x4f0 ./Drivers/STM32F4xx_HAL_Driver/Src/stm32f4xx_hal_rcc.o
                0x0000000008002ae0                HAL_RCC_OscConfig
 .text.HAL_RCC_ClockConfig
                0x0000000008002fd0      0x1cc ./Drivers/STM32F4xx_HAL_Driver/Src/stm32f4xx_hal_rcc.o
                0x0000000008002fd0                HAL_RCC_ClockConfig
 .text.HAL_RCC_GetSysClockFreq
                0x000000000800319c      0x16c ./Drivers/STM32F4xx_HAL_Driver/Src/stm32f4xx_hal_rcc.o
                0x000000000800319c                HAL_RCC_GetSysClockFreq
 .text.HAL_RCC_GetHCLKFreq
                0x0000000008003308       0x18 ./Drivers/STM32F4xx_HAL_Driver/Src/stm32f4xx_hal_rcc.o
                0x0000000008003308                HAL_RCC_GetHCLKFreq
 .text.HAL_RCC_GetPCLK1Freq
                0x0000000008003320       0x28 ./Drivers/STM32F4xx_HAL_Driver/Src/stm32f4xx_hal_rcc.o
                0x0000000008003320                HAL_RCC_GetPCLK1Freq
 .text.__libc_init_array
                0x0000000008003348       0x48 c:/st/stm32cubeide_1.4.0/stm32cubeide/plugins/com.st.stm32cube.ide.mcu.externaltools.gnu-tools-for-stm32.9-2020-q2-update.win32_2.0.0.202105311346/tools/bin/../lib/gcc/arm-none-eabi/9.3.1/../../../../arm-none-eabi/lib/thumb/v7e-m+fp/hard\libc_nano.a(lib_a-init.o)
                0x0000000008003348                __libc_init_array
 .text.memset   0x0000000008003390       0x10 c:/st/stm32cubeide_1.4.0/stm32cubeide/plugins/com.st.stm32cube.ide.mcu.externaltools.gnu-tools-for-stm32.9-2020-q2-update.win32_2.0.0.202105311346/tools/bin/../lib/gcc/arm-none-eabi/9.3.1/../../../../arm-none-eabi/lib/thumb/v7e-m+fp/hard\libc_nano.a(lib_a-memset.o)
                0x0000000008003390                memset
 *(.glue_7)
 .glue_7        0x00000000080033a0        0x0 linker stubs
 *(.glue_7t)
 .glue_7t       0x00000000080033a0        0x0 linker stubs
 *(.eh_frame)
 .eh_frame      0x00000000080033a0        0x0 c:/st/stm32cubeide_1.4.0/stm32cubeide/plugins/com.st.stm32cube.ide.mcu.externaltools.gnu-tools-for-stm32.9-2020-q2-update.win32_2.0.0.202105311346/tools/bin/../lib/gcc/arm-none-eabi/9.3.1/thumb/v7e-m+fp/hard/crtbegin.o
 *(.init)
 .init          0x00000000080033a0        0x4 c:/st/stm32cubeide_1.4.0/stm32cubeide/plugins/com.st.stm32cube.ide.mcu.externaltools.gnu-tools-for-stm32.9-2020-q2-update.win32_2.0.0.202105311346/tools/bin/../lib/gcc/arm-none-eabi/9.3.1/thumb/v7e-m+fp/hard/crti.o
                0x00000000080033a0                _init
 .init          0x00000000080033a4        0x8 c:/st/stm32cubeide_1.4.0/stm32cubeide/plugins/com.st.stm32cube.ide.mcu.externaltools.gnu-tools-for-stm32.9-2020-q2-update.win32_2.0.0.202105311346/tools/bin/../lib/gcc/arm-none-eabi/9.3.1/thumb/v7e-m+fp/hard/crtn.o
 *(.fini)
 .fini          0x00000000080033ac        0x4 c:/st/stm32cubeide_1.4.0/stm32cubeide/plugins/com.st.stm32cube.ide.mcu.externaltools.gnu-tools-for-stm32.9-2020-q2-update.win32_2.0.0.202105311346/tools/bin/../lib/gcc/arm-none-eabi/9.3.1/thumb/v7e-m+fp/hard/crti.o
                0x00000000080033ac                _fini
 .fini          0x00000000080033b0        0x8 c:/st/stm32cubeide_1.4.0/stm32cubeide/plugins/com.st.stm32cube.ide.mcu.externaltools.gnu-tools-for-stm32.9-2020-q2-update.win32_2.0.0.202105311346/tools/bin/../lib/gcc/arm-none-eabi/9.3.1/thumb/v7e-m+fp/hard/crtn.o
                0x00000000080033b8                . = ALIGN (0x4)
                0x00000000080033b8                _etext = .

.vfp11_veneer   0x00000000080033b8        0x0
 .vfp11_veneer  0x00000000080033b8        0x0 linker stubs

.v4_bx          0x00000000080033b8        0x0
 .v4_bx         0x00000000080033b8        0x0 linker stubs

.iplt           0x00000000080033b8        0x0
 .iplt          0x00000000080033b8        0x0 c:/st/stm32cubeide_1.4.0/stm32cubeide/plugins/com.st.stm32cube.ide.mcu.externaltools.gnu-tools-for-stm32.9-2020-q2-update.win32_2.0.0.202105311346/tools/bin/../lib/gcc/arm-none-eabi/9.3.1/thumb/v7e-m+fp/hard/crtbegin.o

.rodata         0x00000000080033b8       0x20
                0x00000000080033b8                . = ALIGN (0x4)
 *(.rodata)
 *(.rodata*)
 .rodata.AHBPrescTable
                0x00000000080033b8       0x10 ./Core/Src/system_stm32f4xx.o
                0x00000000080033b8                AHBPrescTable
 .rodata.APBPrescTable
                0x00000000080033c8        0x8 ./Core/Src/system_stm32f4xx.o
                0x00000000080033c8                APBPrescTable
 .rodata.flagBitshiftOffset.8158
                0x00000000080033d0        0x8 ./Drivers/STM32F4xx_HAL_Driver/Src/stm32f4xx_hal_dma.o
                0x00000000080033d8                . = ALIGN (0x4)

.ARM.extab      0x00000000080033d8        0x0
                0x00000000080033d8                . = ALIGN (0x4)
 *(.ARM.extab* .gnu.linkonce.armextab.*)
                0x00000000080033d8                . = ALIGN (0x4)

.ARM            0x00000000080033d8        0x8
                0x00000000080033d8                . = ALIGN (0x4)
                0x00000000080033d8                __exidx_start = .
 *(.ARM.exidx*)
 .ARM.exidx     0x00000000080033d8        0x8 c:/st/stm32cubeide_1.4.0/stm32cubeide/plugins/com.st.stm32cube.ide.mcu.externaltools.gnu-tools-for-stm32.9-2020-q2-update.win32_2.0.0.202105311346/tools/bin/../lib/gcc/arm-none-eabi/9.3.1/thumb/v7e-m+fp/hard\libgcc.a(_udivmoddi4.o)
                0x00000000080033e0                __exidx_end = .
                0x00000000080033e0                . = ALIGN (0x4)

.rel.dyn        0x00000000080033e0        0x0
 .rel.iplt      0x00000000080033e0        0x0 c:/st/stm32cubeide_1.4.0/stm32cubeide/plugins/com.st.stm32cube.ide.mcu.externaltools.gnu-tools-for-stm32.9-2020-q2-update.win32_2.0.0.202105311346/tools/bin/../lib/gcc/arm-none-eabi/9.3.1/thumb/v7e-m+fp/hard/crtbegin.o

.preinit_array  0x00000000080033e0        0x0
                0x00000000080033e0                . = ALIGN (0x4)
                0x00000000080033e0                PROVIDE (__preinit_array_start = .)
 *(.preinit_array*)
                0x00000000080033e0                PROVIDE (__preinit_array_end = .)
                0x00000000080033e0                . = ALIGN (0x4)

.init_array     0x00000000080033e0        0x4
                0x00000000080033e0                . = ALIGN (0x4)
                0x00000000080033e0                PROVIDE (__init_array_start = .)
 *(SORT_BY_NAME(.init_array.*))
 *(.init_array*)
 .init_array    0x00000000080033e0        0x4 c:/st/stm32cubeide_1.4.0/stm32cubeide/plugins/com.st.stm32cube.ide.mcu.externaltools.gnu-tools-for-stm32.9-2020-q2-update.win32_2.0.0.202105311346/tools/bin/../lib/gcc/arm-none-eabi/9.3.1/thumb/v7e-m+fp/hard/crtbegin.o
                0x00000000080033e4                PROVIDE (__init_array_end = .)
                0x00000000080033e4                . = ALIGN (0x4)

.fini_array     0x00000000080033e4        0x4
                0x00000000080033e4                . = ALIGN (0x4)
                [!provide]                        PROVIDE (__fini_array_start = .)
 *(SORT_BY_NAME(.fini_array.*))
 *(.fini_array*)
 .fini_array    0x00000000080033e4        0x4 c:/st/stm32cubeide_1.4.0/stm32cubeide/plugins/com.st.stm32cube.ide.mcu.externaltools.gnu-tools-for-stm32.9-2020-q2-update.win32_2.0.0.202105311346/tools/bin/../lib/gcc/arm-none-eabi/9.3.1/thumb/v7e-m+fp/hard/crtbegin.o
                [!provide]                        PROVIDE (__fini_array_end = .)
                0x00000000080033e8                . = ALIGN (0x4)
                0x00000000080033e8                _sidata = LOADADDR (.data)

.data           0x0000000020000000     0x242c load address 0x00000000080033e8
                0x0000000020000000                . = ALIGN (0x4)
                0x0000000020000000                _sdata = .
 *(.data)
 *(.data*)
 .data.Program_Data_IC_1
                0x0000000020000000     0x1400 ./Core/Src/main.o
                0x0000000020000000                Program_Data_IC_1
 .data.Param_Data_IC_1
                0x0000000020001400     0x1000 ./Core/Src/main.o
                0x0000000020001400                Param_Data_IC_1
 .data.R0_COREREGISTER_IC_1_Default
                0x0000000020002400        0x2 ./Core/Src/main.o
                0x0000000020002400                R0_COREREGISTER_IC_1_Default
 *fill*         0x0000000020002402        0x2 
 .data.R3_HWCONFIGURATION_IC_1_Default
                0x0000000020002404       0x18 ./Core/Src/main.o
                0x0000000020002404                R3_HWCONFIGURATION_IC_1_Default
 .data.R4_COREREGISTER_IC_1_Default
                0x000000002000241c        0x2 ./Core/Src/main.o
                0x000000002000241c                R4_COREREGISTER_IC_1_Default
 *fill*         0x000000002000241e        0x2 
 .data.SystemCoreClock
                0x0000000020002420        0x4 ./Core/Src/system_stm32f4xx.o
                0x0000000020002420                SystemCoreClock
 .data.uwTickPrio
                0x0000000020002424        0x4 ./Drivers/STM32F4xx_HAL_Driver/Src/stm32f4xx_hal.o
                0x0000000020002424                uwTickPrio
 .data.uwTickFreq
                0x0000000020002428        0x1 ./Drivers/STM32F4xx_HAL_Driver/Src/stm32f4xx_hal.o
                0x0000000020002428                uwTickFreq
 *(.RamFunc)
 *(.RamFunc*)
                0x000000002000242c                . = ALIGN (0x4)
 *fill*         0x0000000020002429        0x3 
                0x000000002000242c                _edata = .

.igot.plt       0x000000002000242c        0x0 load address 0x0000000008005814
 .igot.plt      0x000000002000242c        0x0 c:/st/stm32cubeide_1.4.0/stm32cubeide/plugins/com.st.stm32cube.ide.mcu.externaltools.gnu-tools-for-stm32.9-2020-q2-update.win32_2.0.0.202105311346/tools/bin/../lib/gcc/arm-none-eabi/9.3.1/thumb/v7e-m+fp/hard/crtbegin.o
                0x000000002000242c                . = ALIGN (0x4)

.bss            0x000000002000242c      0x13c load address 0x0000000008005814
                0x000000002000242c                _sbss = .
                0x000000002000242c                __bss_start__ = _sbss
 *(.bss)
 .bss           0x000000002000242c       0x1c c:/st/stm32cubeide_1.4.0/stm32cubeide/plugins/com.st.stm32cube.ide.mcu.externaltools.gnu-tools-for-stm32.9-2020-q2-update.win32_2.0.0.202105311346/tools/bin/../lib/gcc/arm-none-eabi/9.3.1/thumb/v7e-m+fp/hard/crtbegin.o
 *(.bss*)
 *(COMMON)
 COMMON         0x0000000020002448      0x11c ./Core/Src/main.o
                0x0000000020002448                hi2c1
                0x000000002000249c                flag
                0x00000000200024a4                aux
                0x00000000200024a8                hadc1
                0x00000000200024f0                hdma_adc1
                0x0000000020002550                pote
                0x0000000020002556                stat
                0x0000000020002558                value
 COMMON         0x0000000020002564        0x4 ./Drivers/STM32F4xx_HAL_Driver/Src/stm32f4xx_hal.o
                0x0000000020002564                uwTick
                0x0000000020002568                . = ALIGN (0x4)
                0x0000000020002568                _ebss = .
                0x0000000020002568                __bss_end__ = _ebss

._user_heap_stack
                0x0000000020002568      0x600 load address 0x0000000008005814
                0x0000000020002568                . = ALIGN (0x8)
                [!provide]                        PROVIDE (end = .)
                0x0000000020002568                PROVIDE (_end = .)
                0x0000000020002768                . = (. + _Min_Heap_Size)
 *fill*         0x0000000020002568      0x200 
                0x0000000020002b68                . = (. + _Min_Stack_Size)
 *fill*         0x0000000020002768      0x400 
                0x0000000020002b68                . = ALIGN (0x8)

/DISCARD/
 libc.a(*)
 libm.a(*)
 libgcc.a(*)

.ARM.attributes
                0x0000000000000000       0x30
 *(.ARM.attributes)
 .ARM.attributes
                0x0000000000000000       0x1e c:/st/stm32cubeide_1.4.0/stm32cubeide/plugins/com.st.stm32cube.ide.mcu.externaltools.gnu-tools-for-stm32.9-2020-q2-update.win32_2.0.0.202105311346/tools/bin/../lib/gcc/arm-none-eabi/9.3.1/thumb/v7e-m+fp/hard/crti.o
 .ARM.attributes
                0x000000000000001e       0x34 c:/st/stm32cubeide_1.4.0/stm32cubeide/plugins/com.st.stm32cube.ide.mcu.externaltools.gnu-tools-for-stm32.9-2020-q2-update.win32_2.0.0.202105311346/tools/bin/../lib/gcc/arm-none-eabi/9.3.1/thumb/v7e-m+fp/hard/crtbegin.o
 .ARM.attributes
                0x0000000000000052       0x34 ./Core/Src/main.o
 .ARM.attributes
                0x0000000000000086       0x34 ./Core/Src/stm32f4xx_hal_msp.o
 .ARM.attributes
                0x00000000000000ba       0x34 ./Core/Src/stm32f4xx_it.o
 .ARM.attributes
                0x00000000000000ee       0x34 ./Core/Src/system_stm32f4xx.o
 .ARM.attributes
                0x0000000000000122       0x21 ./Core/Startup/startup_stm32f401rctx.o
 .ARM.attributes
                0x0000000000000143       0x34 ./Drivers/STM32F4xx_HAL_Driver/Src/stm32f4xx_hal.o
 .ARM.attributes
                0x0000000000000177       0x34 ./Drivers/STM32F4xx_HAL_Driver/Src/stm32f4xx_hal_adc.o
 .ARM.attributes
                0x00000000000001ab       0x34 ./Drivers/STM32F4xx_HAL_Driver/Src/stm32f4xx_hal_cortex.o
 .ARM.attributes
                0x00000000000001df       0x34 ./Drivers/STM32F4xx_HAL_Driver/Src/stm32f4xx_hal_dma.o
 .ARM.attributes
                0x0000000000000213       0x34 ./Drivers/STM32F4xx_HAL_Driver/Src/stm32f4xx_hal_gpio.o
 .ARM.attributes
                0x0000000000000247       0x34 ./Drivers/STM32F4xx_HAL_Driver/Src/stm32f4xx_hal_i2c.o
 .ARM.attributes
                0x000000000000027b       0x34 ./Drivers/STM32F4xx_HAL_Driver/Src/stm32f4xx_hal_rcc.o
 .ARM.attributes
                0x00000000000002af       0x34 c:/st/stm32cubeide_1.4.0/stm32cubeide/plugins/com.st.stm32cube.ide.mcu.externaltools.gnu-tools-for-stm32.9-2020-q2-update.win32_2.0.0.202105311346/tools/bin/../lib/gcc/arm-none-eabi/9.3.1/../../../../arm-none-eabi/lib/thumb/v7e-m+fp/hard\libc_nano.a(lib_a-init.o)
 .ARM.attributes
                0x00000000000002e3       0x34 c:/st/stm32cubeide_1.4.0/stm32cubeide/plugins/com.st.stm32cube.ide.mcu.externaltools.gnu-tools-for-stm32.9-2020-q2-update.win32_2.0.0.202105311346/tools/bin/../lib/gcc/arm-none-eabi/9.3.1/../../../../arm-none-eabi/lib/thumb/v7e-m+fp/hard\libc_nano.a(lib_a-memset.o)
 .ARM.attributes
                0x0000000000000317       0x1e c:/st/stm32cubeide_1.4.0/stm32cubeide/plugins/com.st.stm32cube.ide.mcu.externaltools.gnu-tools-for-stm32.9-2020-q2-update.win32_2.0.0.202105311346/tools/bin/../lib/gcc/arm-none-eabi/9.3.1/thumb/v7e-m+fp/hard\libgcc.a(_aeabi_uldivmod.o)
 .ARM.attributes
                0x0000000000000335       0x34 c:/st/stm32cubeide_1.4.0/stm32cubeide/plugins/com.st.stm32cube.ide.mcu.externaltools.gnu-tools-for-stm32.9-2020-q2-update.win32_2.0.0.202105311346/tools/bin/../lib/gcc/arm-none-eabi/9.3.1/thumb/v7e-m+fp/hard\libgcc.a(_udivmoddi4.o)
 .ARM.attributes
                0x0000000000000369       0x1e c:/st/stm32cubeide_1.4.0/stm32cubeide/plugins/com.st.stm32cube.ide.mcu.externaltools.gnu-tools-for-stm32.9-2020-q2-update.win32_2.0.0.202105311346/tools/bin/../lib/gcc/arm-none-eabi/9.3.1/thumb/v7e-m+fp/hard\libgcc.a(_dvmd_tls.o)
 .ARM.attributes
                0x0000000000000387       0x1e c:/st/stm32cubeide_1.4.0/stm32cubeide/plugins/com.st.stm32cube.ide.mcu.externaltools.gnu-tools-for-stm32.9-2020-q2-update.win32_2.0.0.202105311346/tools/bin/../lib/gcc/arm-none-eabi/9.3.1/thumb/v7e-m+fp/hard/crtn.o
OUTPUT(TestDSP.elf elf32-littlearm)
LOAD linker stubs
LOAD c:/st/stm32cubeide_1.4.0/stm32cubeide/plugins/com.st.stm32cube.ide.mcu.externaltools.gnu-tools-for-stm32.9-2020-q2-update.win32_2.0.0.202105311346/tools/bin/../lib/gcc/arm-none-eabi/9.3.1/../../../../arm-none-eabi/lib/thumb/v7e-m+fp/hard\libc.a
LOAD c:/st/stm32cubeide_1.4.0/stm32cubeide/plugins/com.st.stm32cube.ide.mcu.externaltools.gnu-tools-for-stm32.9-2020-q2-update.win32_2.0.0.202105311346/tools/bin/../lib/gcc/arm-none-eabi/9.3.1/../../../../arm-none-eabi/lib/thumb/v7e-m+fp/hard\libm.a
LOAD c:/st/stm32cubeide_1.4.0/stm32cubeide/plugins/com.st.stm32cube.ide.mcu.externaltools.gnu-tools-for-stm32.9-2020-q2-update.win32_2.0.0.202105311346/tools/bin/../lib/gcc/arm-none-eabi/9.3.1/thumb/v7e-m+fp/hard\libgcc.a

.debug_info     0x0000000000000000     0x9388
 .debug_info    0x0000000000000000     0x1383 ./Core/Src/main.o
 .debug_info    0x0000000000001383      0xdd7 ./Core/Src/stm32f4xx_hal_msp.o
 .debug_info    0x000000000000215a      0x4af ./Core/Src/stm32f4xx_it.o
 .debug_info    0x0000000000002609      0x5d0 ./Core/Src/system_stm32f4xx.o
 .debug_info    0x0000000000002bd9       0x22 ./Core/Startup/startup_stm32f401rctx.o
 .debug_info    0x0000000000002bfb      0x93d ./Drivers/STM32F4xx_HAL_Driver/Src/stm32f4xx_hal.o
 .debug_info    0x0000000000003538      0xdb4 ./Drivers/STM32F4xx_HAL_Driver/Src/stm32f4xx_hal_adc.o
 .debug_info    0x00000000000042ec      0xe41 ./Drivers/STM32F4xx_HAL_Driver/Src/stm32f4xx_hal_cortex.o
 .debug_info    0x000000000000512d      0x9e9 ./Drivers/STM32F4xx_HAL_Driver/Src/stm32f4xx_hal_dma.o
 .debug_info    0x0000000000005b16      0x862 ./Drivers/STM32F4xx_HAL_Driver/Src/stm32f4xx_hal_gpio.o
 .debug_info    0x0000000000006378     0x2653 ./Drivers/STM32F4xx_HAL_Driver/Src/stm32f4xx_hal_i2c.o
 .debug_info    0x00000000000089cb      0x9bd ./Drivers/STM32F4xx_HAL_Driver/Src/stm32f4xx_hal_rcc.o

.debug_abbrev   0x0000000000000000     0x1787
 .debug_abbrev  0x0000000000000000      0x2f5 ./Core/Src/main.o
 .debug_abbrev  0x00000000000002f5      0x1ac ./Core/Src/stm32f4xx_hal_msp.o
 .debug_abbrev  0x00000000000004a1      0x134 ./Core/Src/stm32f4xx_it.o
 .debug_abbrev  0x00000000000005d5      0x145 ./Core/Src/system_stm32f4xx.o
 .debug_abbrev  0x000000000000071a       0x12 ./Core/Startup/startup_stm32f401rctx.o
 .debug_abbrev  0x000000000000072c      0x21e ./Drivers/STM32F4xx_HAL_Driver/Src/stm32f4xx_hal.o
 .debug_abbrev  0x000000000000094a      0x1ef ./Drivers/STM32F4xx_HAL_Driver/Src/stm32f4xx_hal_adc.o
 .debug_abbrev  0x0000000000000b39      0x33c ./Drivers/STM32F4xx_HAL_Driver/Src/stm32f4xx_hal_cortex.o
 .debug_abbrev  0x0000000000000e75      0x219 ./Drivers/STM32F4xx_HAL_Driver/Src/stm32f4xx_hal_dma.o
 .debug_abbrev  0x000000000000108e      0x1f1 ./Drivers/STM32F4xx_HAL_Driver/Src/stm32f4xx_hal_gpio.o
 .debug_abbrev  0x000000000000127f      0x293 ./Drivers/STM32F4xx_HAL_Driver/Src/stm32f4xx_hal_i2c.o
 .debug_abbrev  0x0000000000001512      0x275 ./Drivers/STM32F4xx_HAL_Driver/Src/stm32f4xx_hal_rcc.o

.debug_aranges  0x0000000000000000      0x860
 .debug_aranges
                0x0000000000000000       0x68 ./Core/Src/main.o
 .debug_aranges
                0x0000000000000068       0x40 ./Core/Src/stm32f4xx_hal_msp.o
 .debug_aranges
                0x00000000000000a8       0x68 ./Core/Src/stm32f4xx_it.o
 .debug_aranges
                0x0000000000000110       0x28 ./Core/Src/system_stm32f4xx.o
 .debug_aranges
                0x0000000000000138       0x28 ./Core/Startup/startup_stm32f401rctx.o
 .debug_aranges
                0x0000000000000160       0xf0 ./Drivers/STM32F4xx_HAL_Driver/Src/stm32f4xx_hal.o
 .debug_aranges
                0x0000000000000250       0xe8 ./Drivers/STM32F4xx_HAL_Driver/Src/stm32f4xx_hal_adc.o
 .debug_aranges
                0x0000000000000338      0x118 ./Drivers/STM32F4xx_HAL_Driver/Src/stm32f4xx_hal_cortex.o
 .debug_aranges
                0x0000000000000450       0x90 ./Drivers/STM32F4xx_HAL_Driver/Src/stm32f4xx_hal_dma.o
 .debug_aranges
                0x00000000000004e0       0x58 ./Drivers/STM32F4xx_HAL_Driver/Src/stm32f4xx_hal_gpio.o
 .debug_aranges
                0x0000000000000538      0x2a0 ./Drivers/STM32F4xx_HAL_Driver/Src/stm32f4xx_hal_i2c.o
 .debug_aranges
                0x00000000000007d8       0x88 ./Drivers/STM32F4xx_HAL_Driver/Src/stm32f4xx_hal_rcc.o

.debug_ranges   0x0000000000000000      0x7d0
 .debug_ranges  0x0000000000000000       0x58 ./Core/Src/main.o
 .debug_ranges  0x0000000000000058       0x30 ./Core/Src/stm32f4xx_hal_msp.o
 .debug_ranges  0x0000000000000088       0x58 ./Core/Src/stm32f4xx_it.o
 .debug_ranges  0x00000000000000e0       0x18 ./Core/Src/system_stm32f4xx.o
 .debug_ranges  0x00000000000000f8       0x20 ./Core/Startup/startup_stm32f401rctx.o
 .debug_ranges  0x0000000000000118       0xe0 ./Drivers/STM32F4xx_HAL_Driver/Src/stm32f4xx_hal.o
 .debug_ranges  0x00000000000001f8       0xd8 ./Drivers/STM32F4xx_HAL_Driver/Src/stm32f4xx_hal_adc.o
 .debug_ranges  0x00000000000002d0      0x108 ./Drivers/STM32F4xx_HAL_Driver/Src/stm32f4xx_hal_cortex.o
 .debug_ranges  0x00000000000003d8       0x80 ./Drivers/STM32F4xx_HAL_Driver/Src/stm32f4xx_hal_dma.o
 .debug_ranges  0x0000000000000458       0x48 ./Drivers/STM32F4xx_HAL_Driver/Src/stm32f4xx_hal_gpio.o
 .debug_ranges  0x00000000000004a0      0x2b8 ./Drivers/STM32F4xx_HAL_Driver/Src/stm32f4xx_hal_i2c.o
 .debug_ranges  0x0000000000000758       0x78 ./Drivers/STM32F4xx_HAL_Driver/Src/stm32f4xx_hal_rcc.o

.debug_macro    0x0000000000000000    0x19b64
 .debug_macro   0x0000000000000000      0x22e ./Core/Src/main.o
 .debug_macro   0x000000000000022e      0xaa8 ./Core/Src/main.o
 .debug_macro   0x0000000000000cd6      0x29b ./Core/Src/main.o
 .debug_macro   0x0000000000000f71       0x2e ./Core/Src/main.o
 .debug_macro   0x0000000000000f9f       0x28 ./Core/Src/main.o
 .debug_macro   0x0000000000000fc7       0x22 ./Core/Src/main.o
 .debug_macro   0x0000000000000fe9       0x8e ./Core/Src/main.o
 .debug_macro   0x0000000000001077       0x51 ./Core/Src/main.o
 .debug_macro   0x00000000000010c8      0x103 ./Core/Src/main.o
 .debug_macro   0x00000000000011cb       0x6a ./Core/Src/main.o
 .debug_macro   0x0000000000001235      0x1df ./Core/Src/main.o
 .debug_macro   0x0000000000001414       0x1c ./Core/Src/main.o
 .debug_macro   0x0000000000001430       0x22 ./Core/Src/main.o
 .debug_macro   0x0000000000001452       0xdf ./Core/Src/main.o
 .debug_macro   0x0000000000001531     0x102d ./Core/Src/main.o
 .debug_macro   0x000000000000255e      0x11f ./Core/Src/main.o
 .debug_macro   0x000000000000267d     0xb86c ./Core/Src/main.o
 .debug_macro   0x000000000000dee9       0x6d ./Core/Src/main.o
 .debug_macro   0x000000000000df56     0x3666 ./Core/Src/main.o
 .debug_macro   0x00000000000115bc      0x174 ./Core/Src/main.o
 .debug_macro   0x0000000000011730       0x5c ./Core/Src/main.o
 .debug_macro   0x000000000001178c      0x416 ./Core/Src/main.o
 .debug_macro   0x0000000000011ba2      0x9fe ./Core/Src/main.o
 .debug_macro   0x00000000000125a0      0x116 ./Core/Src/main.o
 .debug_macro   0x00000000000126b6       0xf8 ./Core/Src/main.o
 .debug_macro   0x00000000000127ae       0xa5 ./Core/Src/main.o
 .debug_macro   0x0000000000012853      0x15f ./Core/Src/main.o
 .debug_macro   0x00000000000129b2      0x287 ./Core/Src/main.o
 .debug_macro   0x0000000000012c39       0x5f ./Core/Src/main.o
 .debug_macro   0x0000000000012c98      0x236 ./Core/Src/main.o
 .debug_macro   0x0000000000012ece      0x9e1 ./Core/Src/main.o
 .debug_macro   0x00000000000138af      0x38b ./Core/Src/main.o
 .debug_macro   0x0000000000013c3a      0x176 ./Core/Src/main.o
 .debug_macro   0x0000000000013db0       0xf9 ./Core/Src/main.o
 .debug_macro   0x0000000000013ea9      0x132 ./Core/Src/main.o
 .debug_macro   0x0000000000013fdb      0x23a ./Core/Src/main.o
 .debug_macro   0x0000000000014215       0x2e ./Core/Src/main.o
 .debug_macro   0x0000000000014243      0x1b5 ./Core/Src/main.o
 .debug_macro   0x00000000000143f8       0x22 ./Core/Src/main.o
 .debug_macro   0x000000000001441a       0xd6 ./Core/Src/main.o
 .debug_macro   0x00000000000144f0      0x11a ./Core/Src/main.o
 .debug_macro   0x000000000001460a       0x85 ./Core/Src/main.o
 .debug_macro   0x000000000001468f       0x89 ./Core/Src/main.o
 .debug_macro   0x0000000000014718      0x126 ./Core/Src/main.o
 .debug_macro   0x000000000001483e       0x10 ./Core/Src/main.o
 .debug_macro   0x000000000001484e       0x40 ./Core/Src/main.o
 .debug_macro   0x000000000001488e      0xbb0 ./Core/Src/main.o
 .debug_macro   0x000000000001543e       0x38 ./Core/Src/main.o
 .debug_macro   0x0000000000015476     0x3284 ./Core/Src/main.o
 .debug_macro   0x00000000000186fa      0x200 ./Core/Src/stm32f4xx_hal_msp.o
 .debug_macro   0x00000000000188fa      0x20a ./Core/Src/stm32f4xx_it.o
 .debug_macro   0x0000000000018b04      0x1f1 ./Core/Src/system_stm32f4xx.o
 .debug_macro   0x0000000000018cf5      0x251 ./Drivers/STM32F4xx_HAL_Driver/Src/stm32f4xx_hal.o
 .debug_macro   0x0000000000018f46      0x1f2 ./Drivers/STM32F4xx_HAL_Driver/Src/stm32f4xx_hal_adc.o
 .debug_macro   0x0000000000019138      0x1f1 ./Drivers/STM32F4xx_HAL_Driver/Src/stm32f4xx_hal_cortex.o
 .debug_macro   0x0000000000019329      0x1f7 ./Drivers/STM32F4xx_HAL_Driver/Src/stm32f4xx_hal_dma.o
 .debug_macro   0x0000000000019520      0x1f7 ./Drivers/STM32F4xx_HAL_Driver/Src/stm32f4xx_hal_gpio.o
 .debug_macro   0x0000000000019717      0x238 ./Drivers/STM32F4xx_HAL_Driver/Src/stm32f4xx_hal_i2c.o
 .debug_macro   0x000000000001994f      0x215 ./Drivers/STM32F4xx_HAL_Driver/Src/stm32f4xx_hal_rcc.o

.debug_line     0x0000000000000000     0xaaec
 .debug_line    0x0000000000000000      0xa2e ./Core/Src/main.o
 .debug_line    0x0000000000000a2e      0x7b2 ./Core/Src/stm32f4xx_hal_msp.o
 .debug_line    0x00000000000011e0      0x7d0 ./Core/Src/stm32f4xx_it.o
 .debug_line    0x00000000000019b0      0x777 ./Core/Src/system_stm32f4xx.o
 .debug_line    0x0000000000002127       0x88 ./Core/Startup/startup_stm32f401rctx.o
 .debug_line    0x00000000000021af      0x9dd ./Drivers/STM32F4xx_HAL_Driver/Src/stm32f4xx_hal.o
 .debug_line    0x0000000000002b8c     0x119b ./Drivers/STM32F4xx_HAL_Driver/Src/stm32f4xx_hal_adc.o
 .debug_line    0x0000000000003d27      0xc8c ./Drivers/STM32F4xx_HAL_Driver/Src/stm32f4xx_hal_cortex.o
 .debug_line    0x00000000000049b3      0xf42 ./Drivers/STM32F4xx_HAL_Driver/Src/stm32f4xx_hal_dma.o
 .debug_line    0x00000000000058f5      0xb17 ./Drivers/STM32F4xx_HAL_Driver/Src/stm32f4xx_hal_gpio.o
 .debug_line    0x000000000000640c     0x3989 ./Drivers/STM32F4xx_HAL_Driver/Src/stm32f4xx_hal_i2c.o
 .debug_line    0x0000000000009d95      0xd57 ./Drivers/STM32F4xx_HAL_Driver/Src/stm32f4xx_hal_rcc.o

.debug_str      0x0000000000000000    0xab384
 .debug_str     0x0000000000000000    0xa944c ./Core/Src/main.o
                                      0xa977f (size before relaxing)
 .debug_str     0x00000000000a944c       0x75 ./Core/Src/stm32f4xx_hal_msp.o
                                      0x8aa2e (size before relaxing)
 .debug_str     0x00000000000a94c1       0xd5 ./Core/Src/stm32f4xx_it.o
                                      0x8a4c8 (size before relaxing)
 .debug_str     0x00000000000a9596       0xaf ./Core/Src/system_stm32f4xx.o
                                      0x8a31f (size before relaxing)
 .debug_str     0x00000000000a9645       0x36 ./Core/Startup/startup_stm32f401rctx.o
                                         0x72 (size before relaxing)
 .debug_str     0x00000000000a967b      0x57b ./Drivers/STM32F4xx_HAL_Driver/Src/stm32f4xx_hal.o
                                      0x8ac9f (size before relaxing)
 .debug_str     0x00000000000a9bf6      0x283 ./Drivers/STM32F4xx_HAL_Driver/Src/stm32f4xx_hal_adc.o
                                      0x8a8b9 (size before relaxing)
 .debug_str     0x00000000000a9e79      0x38d ./Drivers/STM32F4xx_HAL_Driver/Src/stm32f4xx_hal_cortex.o
                                      0x8aa7c (size before relaxing)
 .debug_str     0x00000000000aa206      0x323 ./Drivers/STM32F4xx_HAL_Driver/Src/stm32f4xx_hal_dma.o
                                      0x8a737 (size before relaxing)
 .debug_str     0x00000000000aa529      0x15f ./Drivers/STM32F4xx_HAL_Driver/Src/stm32f4xx_hal_gpio.o
                                      0x8a4c6 (size before relaxing)
 .debug_str     0x00000000000aa688      0xaae ./Drivers/STM32F4xx_HAL_Driver/Src/stm32f4xx_hal_i2c.o
                                      0x8b294 (size before relaxing)
 .debug_str     0x00000000000ab136      0x24e ./Drivers/STM32F4xx_HAL_Driver/Src/stm32f4xx_hal_rcc.o
                                      0x8a721 (size before relaxing)

.comment        0x0000000000000000       0x53
 .comment       0x0000000000000000       0x53 ./Core/Src/main.o
                                         0x54 (size before relaxing)
 .comment       0x0000000000000053       0x54 ./Core/Src/stm32f4xx_hal_msp.o
 .comment       0x0000000000000053       0x54 ./Core/Src/stm32f4xx_it.o
 .comment       0x0000000000000053       0x54 ./Core/Src/system_stm32f4xx.o
 .comment       0x0000000000000053       0x54 ./Drivers/STM32F4xx_HAL_Driver/Src/stm32f4xx_hal.o
 .comment       0x0000000000000053       0x54 ./Drivers/STM32F4xx_HAL_Driver/Src/stm32f4xx_hal_adc.o
 .comment       0x0000000000000053       0x54 ./Drivers/STM32F4xx_HAL_Driver/Src/stm32f4xx_hal_cortex.o
 .comment       0x0000000000000053       0x54 ./Drivers/STM32F4xx_HAL_Driver/Src/stm32f4xx_hal_dma.o
 .comment       0x0000000000000053       0x54 ./Drivers/STM32F4xx_HAL_Driver/Src/stm32f4xx_hal_gpio.o
 .comment       0x0000000000000053       0x54 ./Drivers/STM32F4xx_HAL_Driver/Src/stm32f4xx_hal_i2c.o
 .comment       0x0000000000000053       0x54 ./Drivers/STM32F4xx_HAL_Driver/Src/stm32f4xx_hal_rcc.o

.debug_frame    0x0000000000000000     0x2234
 .debug_frame   0x0000000000000000      0x15c ./Core/Src/main.o
 .debug_frame   0x000000000000015c       0xc8 ./Core/Src/stm32f4xx_hal_msp.o
 .debug_frame   0x0000000000000224      0x120 ./Core/Src/stm32f4xx_it.o
 .debug_frame   0x0000000000000344       0x58 ./Core/Src/system_stm32f4xx.o
 .debug_frame   0x000000000000039c      0x374 ./Drivers/STM32F4xx_HAL_Driver/Src/stm32f4xx_hal.o
 .debug_frame   0x0000000000000710      0x3fc ./Drivers/STM32F4xx_HAL_Driver/Src/stm32f4xx_hal_adc.o
 .debug_frame   0x0000000000000b0c      0x498 ./Drivers/STM32F4xx_HAL_Driver/Src/stm32f4xx_hal_cortex.o
 .debug_frame   0x0000000000000fa4      0x250 ./Drivers/STM32F4xx_HAL_Driver/Src/stm32f4xx_hal_dma.o
 .debug_frame   0x00000000000011f4      0x14c ./Drivers/STM32F4xx_HAL_Driver/Src/stm32f4xx_hal_gpio.o
 .debug_frame   0x0000000000001340      0xc5c ./Drivers/STM32F4xx_HAL_Driver/Src/stm32f4xx_hal_i2c.o
 .debug_frame   0x0000000000001f9c      0x1ec ./Drivers/STM32F4xx_HAL_Driver/Src/stm32f4xx_hal_rcc.o
 .debug_frame   0x0000000000002188       0x2c c:/st/stm32cubeide_1.4.0/stm32cubeide/plugins/com.st.stm32cube.ide.mcu.externaltools.gnu-tools-for-stm32.9-2020-q2-update.win32_2.0.0.202105311346/tools/bin/../lib/gcc/arm-none-eabi/9.3.1/../../../../arm-none-eabi/lib/thumb/v7e-m+fp/hard\libc_nano.a(lib_a-init.o)
 .debug_frame   0x00000000000021b4       0x20 c:/st/stm32cubeide_1.4.0/stm32cubeide/plugins/com.st.stm32cube.ide.mcu.externaltools.gnu-tools-for-stm32.9-2020-q2-update.win32_2.0.0.202105311346/tools/bin/../lib/gcc/arm-none-eabi/9.3.1/../../../../arm-none-eabi/lib/thumb/v7e-m+fp/hard\libc_nano.a(lib_a-memset.o)
 .debug_frame   0x00000000000021d4       0x2c c:/st/stm32cubeide_1.4.0/stm32cubeide/plugins/com.st.stm32cube.ide.mcu.externaltools.gnu-tools-for-stm32.9-2020-q2-update.win32_2.0.0.202105311346/tools/bin/../lib/gcc/arm-none-eabi/9.3.1/thumb/v7e-m+fp/hard\libgcc.a(_aeabi_uldivmod.o)
 .debug_frame   0x0000000000002200       0x34 c:/st/stm32cubeide_1.4.0/stm32cubeide/plugins/com.st.stm32cube.ide.mcu.externaltools.gnu-tools-for-stm32.9-2020-q2-update.win32_2.0.0.202105311346/tools/bin/../lib/gcc/arm-none-eabi/9.3.1/thumb/v7e-m+fp/hard\libgcc.a(_udivmoddi4.o)
